// Jest Snapshot v1, https://goo.gl/fbAQLP

exports[`CardsList should render as expect 1`] = `
<DocumentFragment>
  <div
    class="row"
  >
    <div
      class="col-sm-12 col-md-6"
    >
      <div
        class="card"
      >
        <div
          class="card__image"
        >
          <a
            href="href"
            rel="noopener noreferrer"
            target="_blank"
          >
            <img
              alt="recipe title"
              src="thumbnail.jpg"
            />
          </a>
          <div
            class="card__tag-lactose"
          >
            Has Lactose
          </div>
        </div>
        <div
          class="card__info-wrapper"
        >
          <h3
            class="card__title"
          >
            recipe title
          </h3>
          <p
            class="card__description"
          >
            potato, cheese
          </p>
        </div>
      </div>
    </div>
  </div>
</DocumentFragment>
`;
