// Jest Snapshot v1, https://goo.gl/fbAQLP

exports[`Form should render as expected 1`] = `
<DocumentFragment>
  <form
    class="form"
  >
    <div
      class="form__input-wrapper"
    >
      <label
        class="form__input-label"
        for="ingredient"
      >
        Ingredients
      </label>
      <input
        class="form__input"
        id="ingredient"
        name="ingredient"
        placeholder="Onions, garlic..."
        type="text"
        value="milk"
      />
      <div
        class="form__input--error-message"
      />
      <ul
        class="recent-search  recent-search--hidden"
      />
    </div>
    <button
      class="button"
      name="button_submit"
      type="submit"
    >
      Search
    </button>
  </form>
</DocumentFragment>
`;
