// Jest Snapshot v1, https://goo.gl/fbAQLP

exports[`Form should render as expected 1`] = `
<DocumentFragment>
  <form
    class="form"
  >
    <div
      class="form-input"
    >
      <label
        for="ingredient"
      >
        Ingredients
      </label>
      <input
        id="ingredient"
        name="ingredient"
        placeholder="Onions, garlic..."
        type="text"
        value="milk"
      />
    </div>
    <button
      class="button"
      name="button-submit"
      type="submit"
    >
      Search
    </button>
  </form>
</DocumentFragment>
`;
