// Jest Snapshot v1, https://goo.gl/fbAQLP

exports[`Homepage should render as expected 1`] = `
<DocumentFragment>
  <div
    class="container"
  >
    <h1>
      Recipe Puppy is an ingredient based recipe search
    </h1>
    <form
      class="form"
    >
      <div
        class="form-input"
      >
        <label
          for="ingredient"
        >
          Ingredients
        </label>
        <input
          id="ingredient"
          name="ingredient"
          placeholder="Onions, garlic..."
          type="text"
          value=""
        />
        <div
          class="error-message"
        />
      </div>
      <button
        class="button"
        name="button-submit"
        type="submit"
      >
        Search
      </button>
    </form>
    <div
      class="row"
    />
  </div>
</DocumentFragment>
`;
