// Jest Snapshot v1, https://goo.gl/fbAQLP

exports[`App should render as expected 1`] = `
<DocumentFragment>
  <div
    class="navbar"
  >
    <div
      class="container"
    >
      Recipe Puppy
    </div>
  </div>
  <div
    class="container"
  >
    <h1>
      Recipe Puppy is an ingredient based recipe search
    </h1>
    <form
      class="form"
    >
      <div
        class="form-input"
      >
        <label
          for="ingredient"
        >
          Ingredients
        </label>
        <input
          id="ingredient"
          name="ingredient"
          placeholder="Onions, garlic..."
          type="text"
          value=""
        />
      </div>
      <button
        class="button"
        name="button-submit"
        type="submit"
      >
        Search
      </button>
    </form>
    <div
      class="row"
    />
  </div>
  <footer
    class="footer"
  >
    <div
      class="container"
    >
      Made with
      <a
        href="https://reactjs.org/"
        rel="noopener noreferrer"
        target="_blank"
      >
        ReactJS
      </a>
      and
      <a
        href="http://www.recipepuppy.com/about/api/"
        rel="noopener noreferrer"
        target="_blank"
      >
        Recipe Puppy API
      </a>
    </div>
  </footer>
</DocumentFragment>
`;
