// Jest Snapshot v1, https://goo.gl/fbAQLP

exports[`App should render as expected 1`] = `
<DocumentFragment>
  <div
    class="navbar"
  >
    <div
      class="container"
    >
      Recipe Puppy
    </div>
  </div>
  <div
    class="loading"
  >
    Loading...
  </div>
  <footer
    class="footer"
  >
    <div
      class="container"
    >
      Made with
      <a
        href="https://reactjs.org/"
        rel="noopener noreferrer"
        target="_blank"
      >
        ReactJS
      </a>
      and
      <a
        href="http://www.recipepuppy.com/about/api/"
        rel="noopener noreferrer"
        target="_blank"
      >
        Recipe Puppy API
      </a>
    </div>
  </footer>
</DocumentFragment>
`;
